// Jest Snapshot v1, https://goo.gl/fbAQLP

exports[`Tests for Button Component snapshots button component 1`] = `
<DocumentFragment>
  <div
    class="button"
  >
    <button
      data-testid="Button_Id"
    >
      Click me
    </button>
  </div>
</DocumentFragment>
`;
