// Jest Snapshot v1, https://goo.gl/fbAQLP

exports[`Tests for Header Component snapshot header component 1`] = `
<DocumentFragment>
  <div
    class="header"
  >
    This is the string for testing
  </div>
</DocumentFragment>
`;
